Archive member included to satisfy reference by file (symbol)

/home/mham/.eclipse/com.st.stm32cube.ide.mcu.rcp.product_1.17.0_139066135_linux_gtk_x86_64/plugins/com.st.stm32cube.ide.mcu.externaltools.gnu-tools-for-stm32.13.3.rel1.linux64_1.0.0.202410170706/tools/bin/../lib/gcc/arm-none-eabi/13.3.1/../../../../arm-none-eabi/lib/thumb/v7e-m+fp/hard/libc_nano.a(libc_a-exit.o)
                              /home/mham/.eclipse/com.st.stm32cube.ide.mcu.rcp.product_1.17.0_139066135_linux_gtk_x86_64/plugins/com.st.stm32cube.ide.mcu.externaltools.gnu-tools-for-stm32.13.3.rel1.linux64_1.0.0.202410170706/tools/bin/../lib/gcc/arm-none-eabi/13.3.1/../../../../arm-none-eabi/lib/thumb/v7e-m+fp/hard/crt0.o (exit)
/home/mham/.eclipse/com.st.stm32cube.ide.mcu.rcp.product_1.17.0_139066135_linux_gtk_x86_64/plugins/com.st.stm32cube.ide.mcu.externaltools.gnu-tools-for-stm32.13.3.rel1.linux64_1.0.0.202410170706/tools/bin/../lib/gcc/arm-none-eabi/13.3.1/../../../../arm-none-eabi/lib/thumb/v7e-m+fp/hard/libc_nano.a(libc_a-findfp.o)
                              /home/mham/.eclipse/com.st.stm32cube.ide.mcu.rcp.product_1.17.0_139066135_linux_gtk_x86_64/plugins/com.st.stm32cube.ide.mcu.externaltools.gnu-tools-for-stm32.13.3.rel1.linux64_1.0.0.202410170706/tools/bin/../lib/gcc/arm-none-eabi/13.3.1/../../../../arm-none-eabi/lib/thumb/v7e-m+fp/hard/libc_nano.a(libc_a-exit.o) (__stdio_exit_handler)
/home/mham/.eclipse/com.st.stm32cube.ide.mcu.rcp.product_1.17.0_139066135_linux_gtk_x86_64/plugins/com.st.stm32cube.ide.mcu.externaltools.gnu-tools-for-stm32.13.3.rel1.linux64_1.0.0.202410170706/tools/bin/../lib/gcc/arm-none-eabi/13.3.1/../../../../arm-none-eabi/lib/thumb/v7e-m+fp/hard/libc_nano.a(libc_a-fwalk.o)
                              /home/mham/.eclipse/com.st.stm32cube.ide.mcu.rcp.product_1.17.0_139066135_linux_gtk_x86_64/plugins/com.st.stm32cube.ide.mcu.externaltools.gnu-tools-for-stm32.13.3.rel1.linux64_1.0.0.202410170706/tools/bin/../lib/gcc/arm-none-eabi/13.3.1/../../../../arm-none-eabi/lib/thumb/v7e-m+fp/hard/libc_nano.a(libc_a-findfp.o) (_fwalk_sglue)
/home/mham/.eclipse/com.st.stm32cube.ide.mcu.rcp.product_1.17.0_139066135_linux_gtk_x86_64/plugins/com.st.stm32cube.ide.mcu.externaltools.gnu-tools-for-stm32.13.3.rel1.linux64_1.0.0.202410170706/tools/bin/../lib/gcc/arm-none-eabi/13.3.1/../../../../arm-none-eabi/lib/thumb/v7e-m+fp/hard/libc_nano.a(libc_a-stdio.o)
                              /home/mham/.eclipse/com.st.stm32cube.ide.mcu.rcp.product_1.17.0_139066135_linux_gtk_x86_64/plugins/com.st.stm32cube.ide.mcu.externaltools.gnu-tools-for-stm32.13.3.rel1.linux64_1.0.0.202410170706/tools/bin/../lib/gcc/arm-none-eabi/13.3.1/../../../../arm-none-eabi/lib/thumb/v7e-m+fp/hard/libc_nano.a(libc_a-findfp.o) (__sread)
/home/mham/.eclipse/com.st.stm32cube.ide.mcu.rcp.product_1.17.0_139066135_linux_gtk_x86_64/plugins/com.st.stm32cube.ide.mcu.externaltools.gnu-tools-for-stm32.13.3.rel1.linux64_1.0.0.202410170706/tools/bin/../lib/gcc/arm-none-eabi/13.3.1/../../../../arm-none-eabi/lib/thumb/v7e-m+fp/hard/libc_nano.a(libc_a-memset.o)
                              /home/mham/.eclipse/com.st.stm32cube.ide.mcu.rcp.product_1.17.0_139066135_linux_gtk_x86_64/plugins/com.st.stm32cube.ide.mcu.externaltools.gnu-tools-for-stm32.13.3.rel1.linux64_1.0.0.202410170706/tools/bin/../lib/gcc/arm-none-eabi/13.3.1/../../../../arm-none-eabi/lib/thumb/v7e-m+fp/hard/crt0.o (memset)
/home/mham/.eclipse/com.st.stm32cube.ide.mcu.rcp.product_1.17.0_139066135_linux_gtk_x86_64/plugins/com.st.stm32cube.ide.mcu.externaltools.gnu-tools-for-stm32.13.3.rel1.linux64_1.0.0.202410170706/tools/bin/../lib/gcc/arm-none-eabi/13.3.1/../../../../arm-none-eabi/lib/thumb/v7e-m+fp/hard/libc_nano.a(libc_a-closer.o)
                              /home/mham/.eclipse/com.st.stm32cube.ide.mcu.rcp.product_1.17.0_139066135_linux_gtk_x86_64/plugins/com.st.stm32cube.ide.mcu.externaltools.gnu-tools-for-stm32.13.3.rel1.linux64_1.0.0.202410170706/tools/bin/../lib/gcc/arm-none-eabi/13.3.1/../../../../arm-none-eabi/lib/thumb/v7e-m+fp/hard/libc_nano.a(libc_a-stdio.o) (_close_r)
/home/mham/.eclipse/com.st.stm32cube.ide.mcu.rcp.product_1.17.0_139066135_linux_gtk_x86_64/plugins/com.st.stm32cube.ide.mcu.externaltools.gnu-tools-for-stm32.13.3.rel1.linux64_1.0.0.202410170706/tools/bin/../lib/gcc/arm-none-eabi/13.3.1/../../../../arm-none-eabi/lib/thumb/v7e-m+fp/hard/libc_nano.a(libc_a-reent.o)
                              /home/mham/.eclipse/com.st.stm32cube.ide.mcu.rcp.product_1.17.0_139066135_linux_gtk_x86_64/plugins/com.st.stm32cube.ide.mcu.externaltools.gnu-tools-for-stm32.13.3.rel1.linux64_1.0.0.202410170706/tools/bin/../lib/gcc/arm-none-eabi/13.3.1/../../../../arm-none-eabi/lib/thumb/v7e-m+fp/hard/libc_nano.a(libc_a-closer.o) (errno)
[...]
Memory Configuration

Name             Origin             Length             Attributes
RAM              0x20000000         0x000a0000         xrw
RAM2             0x10000000         0x00010000         xrw
RAM3             0x20040000         0x00060000         xrw
FLASH            0x08000000         0x00200000         xr
*default*        0x00000000         0xffffffff

Linker script and memory map

LOAD /home/mham/.eclipse/com.st.stm32cube.ide.mcu.rcp.product_1.17.0_139066135_linux_gtk_x86_64/plugins/com.st.stm32cube.ide.mcu.externaltools.gnu-tools-for-stm32.13.3.rel1.linux64_1.0.0.202410170706/tools/bin/../lib/gcc/arm-none-eabi/13.3.1/thumb/v7e-m+fp/hard/crti.o
LOAD /home/mham/.eclipse/com.st.stm32cube.ide.mcu.rcp.product_1.17.0_139066135_linux_gtk_x86_64/plugins/com.st.stm32cube.ide.mcu.externaltools.gnu-tools-for-stm32.13.3.rel1.linux64_1.0.0.202410170706/tools/bin/../lib/gcc/arm-none-eabi/13.3.1/thumb/v7e-m+fp/hard/crtbegin.o
LOAD /home/mham/.eclipse/com.st.stm32cube.ide.mcu.rcp.product_1.17.0_139066135_linux_gtk_x86_64/plugins/com.st.stm32cube.ide.mcu.externaltools.gnu-tools-for-stm32.13.3.rel1.linux64_1.0.0.202410170706/tools/bin/../lib/gcc/arm-none-eabi/13.3.1/../../../../arm-none-eabi/lib/thumb/v7e-m+fp/hard/crt0.o
LOAD ./Core/Src/main.o
LOAD ./Core/Src/syscalls.o
LOAD ./Core/Src/sysmem.o
LOAD ./Core/Startup/startup_stm32l4s5vitx.o
START GROUP
LOAD /home/mham/.eclipse/com.st.stm32cube.ide.mcu.rcp.product_1.17.0_139066135_linux_gtk_x86_64/plugins/com.st.stm32cube.ide.mcu.externaltools.gnu-tools-for-stm32.13.3.rel1.linux64_1.0.0.202410170706/tools/bin/../lib/gcc/arm-none-eabi/13.3.1/../../../../arm-none-eabi/lib/thumb/v7e-m+fp/hard/libc_nano.a
LOAD /home/mham/.eclipse/com.st.stm32cube.ide.mcu.rcp.product_1.17.0_139066135_linux_gtk_x86_64/plugins/com.st.stm32cube.ide.mcu.externaltools.gnu-tools-for-stm32.13.3.rel1.linux64_1.0.0.202410170706/tools/bin/../lib/gcc/arm-none-eabi/13.3.1/../../../../arm-none-eabi/lib/thumb/v7e-m+fp/hard/libm.a
END GROUP
START GROUP
LOAD /home/mham/.eclipse/com.st.stm32cube.ide.mcu.rcp.product_1.17.0_139066135_linux_gtk_x86_64/plugins/com.st.stm32cube.ide.mcu.externaltools.gnu-tools-for-stm32.13.3.rel1.linux64_1.0.0.202410170706/tools/bin/../lib/gcc/arm-none-eabi/13.3.1/thumb/v7e-m+fp/hard/libgcc.a
LOAD /home/mham/.eclipse/com.st.stm32cube.ide.mcu.rcp.product_1.17.0_139066135_linux_gtk_x86_64/plugins/com.st.stm32cube.ide.mcu.externaltools.gnu-tools-for-stm32.13.3.rel1.linux64_1.0.0.202410170706/tools/bin/../lib/gcc/arm-none-eabi/13.3.1/../../../../arm-none-eabi/lib/thumb/v7e-m+fp/hard/libc_nano.a
END GROUP
START GROUP
LOAD /home/mham/.eclipse/com.st.stm32cube.ide.mcu.rcp.product_1.17.0_139066135_linux_gtk_x86_64/plugins/com.st.stm32cube.ide.mcu.externaltools.gnu-tools-for-stm32.13.3.rel1.linux64_1.0.0.202410170706/tools/bin/../lib/gcc/arm-none-eabi/13.3.1/thumb/v7e-m+fp/hard/libgcc.a
LOAD /home/mham/.eclipse/com.st.stm32cube.ide.mcu.rcp.product_1.17.0_139066135_linux_gtk_x86_64/plugins/com.st.stm32cube.ide.mcu.externaltools.gnu-tools-for-stm32.13.3.rel1.linux64_1.0.0.202410170706/tools/bin/../lib/gcc/arm-none-eabi/13.3.1/../../../../arm-none-eabi/lib/thumb/v7e-m+fp/hard/libc_nano.a
LOAD /home/mham/.eclipse/com.st.stm32cube.ide.mcu.rcp.product_1.17.0_139066135_linux_gtk_x86_64/plugins/com.st.stm32cube.ide.mcu.externaltools.gnu-tools-for-stm32.13.3.rel1.linux64_1.0.0.202410170706/tools/bin/../lib/gcc/arm-none-eabi/13.3.1/../../../../arm-none-eabi/lib/thumb/v7e-m+fp/hard/libnosys.a
END GROUP
START GROUP
LOAD /home/mham/.eclipse/com.st.stm32cube.ide.mcu.rcp.product_1.17.0_139066135_linux_gtk_x86_64/plugins/com.st.stm32cube.ide.mcu.externaltools.gnu-tools-for-stm32.13.3.rel1.linux64_1.0.0.202410170706/tools/bin/../lib/gcc/arm-none-eabi/13.3.1/thumb/v7e-m+fp/hard/libgcc.a
LOAD /home/mham/.eclipse/com.st.stm32cube.ide.mcu.rcp.product_1.17.0_139066135_linux_gtk_x86_64/plugins/com.st.stm32cube.ide.mcu.externaltools.gnu-tools-for-stm32.13.3.rel1.linux64_1.0.0.202410170706/tools/bin/../lib/gcc/arm-none-eabi/13.3.1/../../../../arm-none-eabi/lib/thumb/v7e-m+fp/hard/libc_nano.a
LOAD /home/mham/.eclipse/com.st.stm32cube.ide.mcu.rcp.product_1.17.0_139066135_linux_gtk_x86_64/plugins/com.st.stm32cube.ide.mcu.externaltools.gnu-tools-for-stm32.13.3.rel1.linux64_1.0.0.202410170706/tools/bin/../lib/gcc/arm-none-eabi/13.3.1/../../../../arm-none-eabi/lib/thumb/v7e-m+fp/hard/libnosys.a
END GROUP
LOAD /home/mham/.eclipse/com.st.stm32cube.ide.mcu.rcp.product_1.17.0_139066135_linux_gtk_x86_64/plugins/com.st.stm32cube.ide.mcu.externaltools.gnu-tools-for-stm32.13.3.rel1.linux64_1.0.0.202410170706/tools/bin/../lib/gcc/arm-none-eabi/13.3.1/thumb/v7e-m+fp/hard/crtend.o
LOAD /home/mham/.eclipse/com.st.stm32cube.ide.mcu.rcp.product_1.17.0_139066135_linux_gtk_x86_64/plugins/com.st.stm32cube.ide.mcu.externaltools.gnu-tools-for-stm32.13.3.rel1.linux64_1.0.0.202410170706/tools/bin/../lib/gcc/arm-none-eabi/13.3.1/thumb/v7e-m+fp/hard/crtn.o
                0x200a0000                        _estack = (ORIGIN (RAM) + LENGTH (RAM))
                0x00000200                        _Min_Heap_Size = 0x200
                0x00000400                        _Min_Stack_Size = 0x400

.isr_vector     0x08000000      0x1bc
                0x08000000                        . = ALIGN (0x4)
 *(.isr_vector)
 .isr_vector    0x08000000      0x1bc ./Core/Startup/startup_stm32l4s5vitx.o
                0x08000000                g_pfnVectors
                0x080001bc                        . = ALIGN (0x4)

.text           0x080001bc      0x234
                0x080001bc                        . = ALIGN (0x4)
 *(.text)
 .text          0x080001bc       0x40 /home/mham/.eclipse/com.st.stm32cube.ide.mcu.rcp.product_1.17.0_139066135_linux_gtk_x86_64/plugins/com.st.stm32cube.ide.mcu.externaltools.gnu-tools-for-stm32.13.3.rel1.linux64_1.0.0.202410170706/tools/bin/../lib/gcc/arm-none-eabi/13.3.1/thumb/v7e-m+fp/hard/crtbegin.o
 *(.text*)
 .text.SystemInit
                0x080001fc       0x14 ./Core/Src/main.o
                0x080001fc                SystemInit
 .text.startup.main
                0x08000210      0x12c ./Core/Src/main.o
                0x08000210                main
 .text.Reset_Handler
                0x0800033c       0x50 ./Core/Startup/startup_stm32l4s5vitx.o
                0x0800033c                Reset_Handler
 .text.Default_Handler
                0x0800038c        0x2 ./Core/Startup/startup_stm32l4s5vitx.o
                0x0800038c                RTC_Alarm_IRQHandler
                0x0800038c                EXTI2_IRQHandler
                0x0800038c                TIM8_TRG_COM_IRQHandler
                0x0800038c                TIM8_CC_IRQHandler
                0x0800038c                DebugMon_Handler
                0x0800038c                TIM1_CC_IRQHandler
                0x0800038c                TSC_IRQHandler
                0x0800038c                HardFault_Handler
                0x0800038c                SysTick_Handler
                0x0800038c                TAMP_STAMP_IRQHandler
                0x0800038c                PendSV_Handler
                0x0800038c                NMI_Handler
                0x0800038c                EXTI3_IRQHandler
                0x0800038c                LPTIM2_IRQHandler
                0x0800038c                DFSDM1_FLT1_IRQHandler
                0x0800038c                GFXMMU_IRQHandler
                0x0800038c                I2C3_ER_IRQHandler
                0x0800038c                DFSDM1_FLT2_IRQHandler
                0x0800038c                EXTI0_IRQHandler
                0x0800038c                I2C2_EV_IRQHandler
                0x0800038c                CAN1_RX0_IRQHandler
                0x0800038c                FPU_IRQHandler
                0x0800038c                TIM1_UP_TIM16_IRQHandler
                0x0800038c                UsageFault_Handler
                0x0800038c                LTDC_ER_IRQHandler
                0x0800038c                SPI1_IRQHandler
                0x0800038c                OCTOSPI1_IRQHandler
                0x0800038c                TIM6_DAC_IRQHandler
                0x0800038c                DCMI_IRQHandler
                0x0800038c                TIM8_UP_IRQHandler
                0x0800038c                OCTOSPI2_IRQHandler
                0x0800038c                DMA2_Channel2_IRQHandler
                0x0800038c                DMA1_Channel4_IRQHandler
                0x0800038c                SAI2_IRQHandler
                0x0800038c                ADC1_IRQHandler
                0x0800038c                DFSDM1_FLT3_IRQHandler
                0x0800038c                USART3_IRQHandler
                0x0800038c                DMA1_Channel7_IRQHandler
                0x0800038c                CAN1_RX1_IRQHandler
                0x0800038c                UART5_IRQHandler
                0x0800038c                TIM4_IRQHandler
                0x0800038c                DMA2_Channel1_IRQHandler
                0x0800038c                I2C1_EV_IRQHandler
                0x0800038c                DMAMUX1_OVR_IRQHandler
                0x0800038c                DMA1_Channel6_IRQHandler
                0x0800038c                UART4_IRQHandler
                0x0800038c                DMA2_Channel4_IRQHandler
                0x0800038c                TIM3_IRQHandler
                0x0800038c                RCC_IRQHandler
                0x0800038c                DMA1_Channel1_IRQHandler
                0x0800038c                Default_Handler
                0x0800038c                DMA2_Channel7_IRQHandler
                0x0800038c                EXTI15_10_IRQHandler
                0x0800038c                TIM7_IRQHandler
                0x0800038c                SDMMC1_IRQHandler
                0x0800038c                TIM5_IRQHandler
                0x0800038c                I2C3_EV_IRQHandler
                0x0800038c                EXTI9_5_IRQHandler
                0x0800038c                RTC_WKUP_IRQHandler
                0x0800038c                LTDC_IRQHandler
                0x0800038c                PVD_PVM_IRQHandler
                0x0800038c                SPI2_IRQHandler
                0x0800038c                MemManage_Handler
                0x0800038c                CAN1_TX_IRQHandler
                0x0800038c                SVC_Handler
                0x0800038c                DMA2_Channel5_IRQHandler
                0x0800038c                DMA1_Channel5_IRQHandler
                0x0800038c                EXTI4_IRQHandler
                0x0800038c                RNG_IRQHandler
                0x0800038c                TIM1_TRG_COM_TIM17_IRQHandler
                0x0800038c                DMA1_Channel3_IRQHandler
                0x0800038c                COMP_IRQHandler
                0x0800038c                HASH_CRS_IRQHandler
                0x0800038c                WWDG_IRQHandler
                0x0800038c                I2C4_EV_IRQHandler
                0x0800038c                LPUART1_IRQHandler
                0x0800038c                DMA2_Channel6_IRQHandler
                0x0800038c                TIM2_IRQHandler
                0x0800038c                DMA2D_IRQHandler
                0x0800038c                EXTI1_IRQHandler
                0x0800038c                AES_IRQHandler
                0x0800038c                USART2_IRQHandler
                0x0800038c                DFSDM1_FLT0_IRQHandler
                0x0800038c                I2C2_ER_IRQHandler
                0x0800038c                DMA1_Channel2_IRQHandler
                0x0800038c                TIM8_BRK_IRQHandler
                0x0800038c                CAN1_SCE_IRQHandler
                0x0800038c                FLASH_IRQHandler
                0x0800038c                BusFault_Handler
                0x0800038c                USART1_IRQHandler
                0x0800038c                OTG_FS_IRQHandler
                0x0800038c                SPI3_IRQHandler
                0x0800038c                I2C1_ER_IRQHandler
                0x0800038c                FMC_IRQHandler
                0x0800038c                LPTIM1_IRQHandler
                0x0800038c                I2C4_ER_IRQHandler
                0x0800038c                SAI1_IRQHandler
                0x0800038c                DMA2_Channel3_IRQHandler
                0x0800038c                TIM1_BRK_TIM15_IRQHandler
 *fill*         0x0800038e        0x2 
 .text.__libc_init_array
                0x08000390       0x48 /home/mham/.eclipse/com.st.stm32cube.ide.mcu.rcp.product_1.17.0_139066135_linux_gtk_x86_64/plugins/com.st.stm32cube.ide.mcu.externaltools.gnu-tools-for-stm32.13.3.rel1.linux64_1.0.0.202410170706/tools/bin/../lib/gcc/arm-none-eabi/13.3.1/../../../../arm-none-eabi/lib/thumb/v7e-m+fp/hard/libc_nano.a(libc_a-init.o)
                0x08000390                __libc_init_array
 *(.glue_7)
 .glue_7        0x080003d8        0x0 linker stubs
 *(.glue_7t)
 .glue_7t       0x080003d8        0x0 linker stubs
 *(.eh_frame)
 .eh_frame      0x080003d8        0x0 /home/mham/.eclipse/com.st.stm32cube.ide.mcu.rcp.product_1.17.0_139066135_linux_gtk_x86_64/plugins/com.st.stm32cube.ide.mcu.externaltools.gnu-tools-for-stm32.13.3.rel1.linux64_1.0.0.202410170706/tools/bin/../lib/gcc/arm-none-eabi/13.3.1/thumb/v7e-m+fp/hard/crtbegin.o
 *(.init)
 .init          0x080003d8        0x4 /home/mham/.eclipse/com.st.stm32cube.ide.mcu.rcp.product_1.17.0_139066135_linux_gtk_x86_64/plugins/com.st.stm32cube.ide.mcu.externaltools.gnu-tools-for-stm32.13.3.rel1.linux64_1.0.0.202410170706/tools/bin/../lib/gcc/arm-none-eabi/13.3.1/thumb/v7e-m+fp/hard/crti.o
                0x080003d8                _init
 .init          0x080003dc        0x8 /home/mham/.eclipse/com.st.stm32cube.ide.mcu.rcp.product_1.17.0_139066135_linux_gtk_x86_64/plugins/com.st.stm32cube.ide.mcu.externaltools.gnu-tools-for-stm32.13.3.rel1.linux64_1.0.0.202410170706/tools/bin/../lib/gcc/arm-none-eabi/13.3.1/thumb/v7e-m+fp/hard/crtn.o
 *(.fini)
 .fini          0x080003e4        0x4 /home/mham/.eclipse/com.st.stm32cube.ide.mcu.rcp.product_1.17.0_139066135_linux_gtk_x86_64/plugins/com.st.stm32cube.ide.mcu.externaltools.gnu-tools-for-stm32.13.3.rel1.linux64_1.0.0.202410170706/tools/bin/../lib/gcc/arm-none-eabi/13.3.1/thumb/v7e-m+fp/hard/crti.o
                0x080003e4                _fini
 .fini          0x080003e8        0x8 /home/mham/.eclipse/com.st.stm32cube.ide.mcu.rcp.product_1.17.0_139066135_linux_gtk_x86_64/plugins/com.st.stm32cube.ide.mcu.externaltools.gnu-tools-for-stm32.13.3.rel1.linux64_1.0.0.202410170706/tools/bin/../lib/gcc/arm-none-eabi/13.3.1/thumb/v7e-m+fp/hard/crtn.o
                0x080003f0                        . = ALIGN (0x4)
                0x080003f0                        _etext = .

.vfp11_veneer   0x080003f0        0x0
 .vfp11_veneer  0x080003f0        0x0 linker stubs

.v4_bx          0x080003f0        0x0
 .v4_bx         0x080003f0        0x0 linker stubs

.iplt           0x080003f0        0x0
 .iplt          0x080003f0        0x0 /home/mham/.eclipse/com.st.stm32cube.ide.mcu.rcp.product_1.17.0_139066135_linux_gtk_x86_64/plugins/com.st.stm32cube.ide.mcu.externaltools.gnu-tools-for-stm32.13.3.rel1.linux64_1.0.0.202410170706/tools/bin/../lib/gcc/arm-none-eabi/13.3.1/thumb/v7e-m+fp/hard/crtbegin.o

.rodata         0x080003f0        0xc
                0x080003f0                        . = ALIGN (0x4)
 *(.rodata)
 *(.rodata*)
 .rodata.main.str1.1
                0x080003f0        0xb ./Core/Src/main.o
                0x080003fc                        . = ALIGN (0x4)
 *fill*         0x080003fb        0x1 

.ARM.extab      0x080003fc        0x0
                0x080003fc                        . = ALIGN (0x4)
 *(.ARM.extab* .gnu.linkonce.armextab.*)
                0x080003fc                        . = ALIGN (0x4)

.ARM            0x080003fc        0x0
                0x080003fc                        . = ALIGN (0x4)
                0x080003fc                        __exidx_start = .
 *(.ARM.exidx*)
                0x080003fc                        __exidx_end = .
                0x080003fc                        . = ALIGN (0x4)

.preinit_array  0x080003fc        0x0
                0x080003fc                        . = ALIGN (0x4)
                0x080003fc                        PROVIDE (__preinit_array_start = .)
 *(.preinit_array*)
                0x080003fc                        PROVIDE (__preinit_array_end = .)
                0x080003fc                        . = ALIGN (0x4)

.init_array     0x080003fc        0x4
                0x080003fc                        . = ALIGN (0x4)
                0x080003fc                        PROVIDE (__init_array_start = .)
 *(SORT_BY_NAME(.init_array.*))
 *(.init_array*)
 .init_array    0x080003fc        0x4 /home/mham/.eclipse/com.st.stm32cube.ide.mcu.rcp.product_1.17.0_139066135_linux_gtk_x86_64/plugins/com.st.stm32cube.ide.mcu.externaltools.gnu-tools-for-stm32.13.3.rel1.linux64_1.0.0.202410170706/tools/bin/../lib/gcc/arm-none-eabi/13.3.1/thumb/v7e-m+fp/hard/crtbegin.o
                0x08000400                        PROVIDE (__init_array_end = .)
                0x08000400                        . = ALIGN (0x4)

.fini_array     0x08000400        0x4
                0x08000400                        . = ALIGN (0x4)
                [!provide]                        PROVIDE (__fini_array_start = .)
 *(SORT_BY_NAME(.fini_array.*))
 *(.fini_array*)
 .fini_array    0x08000400        0x4 /home/mham/.eclipse/com.st.stm32cube.ide.mcu.rcp.product_1.17.0_139066135_linux_gtk_x86_64/plugins/com.st.stm32cube.ide.mcu.externaltools.gnu-tools-for-stm32.13.3.rel1.linux64_1.0.0.202410170706/tools/bin/../lib/gcc/arm-none-eabi/13.3.1/thumb/v7e-m+fp/hard/crtbegin.o
                [!provide]                        PROVIDE (__fini_array_end = .)
                0x08000404                        . = ALIGN (0x4)
                0x08000404                        _sidata = LOADADDR (.data)

.rel.dyn        0x08000404        0x0
 .rel.iplt      0x08000404        0x0 /home/mham/.eclipse/com.st.stm32cube.ide.mcu.rcp.product_1.17.0_139066135_linux_gtk_x86_64/plugins/com.st.stm32cube.ide.mcu.externaltools.gnu-tools-for-stm32.13.3.rel1.linux64_1.0.0.202410170706/tools/bin/../lib/gcc/arm-none-eabi/13.3.1/thumb/v7e-m+fp/hard/crtbegin.o

.data           0x20000000        0x0 load address 0x08000404
                0x20000000                        . = ALIGN (0x4)
                0x20000000                        _sdata = .
 *(.data)
 *(.data*)
 *(.RamFunc)
 *(.RamFunc*)
                0x20000000                        . = ALIGN (0x4)
                0x20000000                        _edata = .

.igot.plt       0x20000000        0x0 load address 0x08000404
 .igot.plt      0x20000000        0x0 /home/mham/.eclipse/com.st.stm32cube.ide.mcu.rcp.product_1.17.0_139066135_linux_gtk_x86_64/plugins/com.st.stm32cube.ide.mcu.externaltools.gnu-tools-for-stm32.13.3.rel1.linux64_1.0.0.202410170706/tools/bin/../lib/gcc/arm-none-eabi/13.3.1/thumb/v7e-m+fp/hard/crtbegin.o
                0x20000000                        . = ALIGN (0x4)

.bss            0x20000000       0x1c load address 0x08000404
                0x20000000                        _sbss = .
                0x20000000                        __bss_start__ = _sbss
 *(.bss)
 .bss           0x20000000       0x1c /home/mham/.eclipse/com.st.stm32cube.ide.mcu.rcp.product_1.17.0_139066135_linux_gtk_x86_64/plugins/com.st.stm32cube.ide.mcu.externaltools.gnu-tools-for-stm32.13.3.rel1.linux64_1.0.0.202410170706/tools/bin/../lib/gcc/arm-none-eabi/13.3.1/thumb/v7e-m+fp/hard/crtbegin.o
 *(.bss*)
 *(COMMON)
                0x2000001c                        . = ALIGN (0x4)
                0x2000001c                        _ebss = .
                0x2000001c                        __bss_end__ = _ebss

._user_heap_stack
                0x2000001c      0x604 load address 0x08000404
                0x20000020                        . = ALIGN (0x8)
 *fill*         0x2000001c        0x4 
                [!provide]                        PROVIDE (end = .)
                0x20000020                        PROVIDE (_end = .)
                0x20000220                        . = (. + _Min_Heap_Size)
 *fill*         0x20000020      0x200 
                0x20000620                        . = (. + _Min_Stack_Size)
 *fill*         0x20000220      0x400 
                0x20000620                        . = ALIGN (0x8)

/DISCARD/
 libc.a(*)
 libm.a(*)
 libgcc.a(*)

.ARM.attributes
                0x00000000       0x30
 *(.ARM.attributes)
 .ARM.attributes
                0x00000000       0x22 /home/mham/.eclipse/com.st.stm32cube.ide.mcu.rcp.product_1.17.0_139066135_linux_gtk_x86_64/plugins/com.st.stm32cube.ide.mcu.externaltools.gnu-tools-for-stm32.13.3.rel1.linux64_1.0.0.202410170706/tools/bin/../lib/gcc/arm-none-eabi/13.3.1/thumb/v7e-m+fp/hard/crti.o
 .ARM.attributes
                0x00000022       0x34 /home/mham/.eclipse/com.st.stm32cube.ide.mcu.rcp.product_1.17.0_139066135_linux_gtk_x86_64/plugins/com.st.stm32cube.ide.mcu.externaltools.gnu-tools-for-stm32.13.3.rel1.linux64_1.0.0.202410170706/tools/bin/../lib/gcc/arm-none-eabi/13.3.1/thumb/v7e-m+fp/hard/crtbegin.o
 .ARM.attributes
                0x00000056       0x34 ./Core/Src/main.o
 .ARM.attributes
                0x0000008a       0x21 ./Core/Startup/startup_stm32l4s5vitx.o
 .ARM.attributes
                0x000000ab       0x34 /home/mham/.eclipse/com.st.stm32cube.ide.mcu.rcp.product_1.17.0_139066135_linux_gtk_x86_64/plugins/com.st.stm32cube.ide.mcu.externaltools.gnu-tools-for-stm32.13.3.rel1.linux64_1.0.0.202410170706/tools/bin/../lib/gcc/arm-none-eabi/13.3.1/../../../../arm-none-eabi/lib/thumb/v7e-m+fp/hard/libc_nano.a(libc_a-init.o)
 .ARM.attributes
                0x000000df       0x22 /home/mham/.eclipse/com.st.stm32cube.ide.mcu.rcp.product_1.17.0_139066135_linux_gtk_x86_64/plugins/com.st.stm32cube.ide.mcu.externaltools.gnu-tools-for-stm32.13.3.rel1.linux64_1.0.0.202410170706/tools/bin/../lib/gcc/arm-none-eabi/13.3.1/thumb/v7e-m+fp/hard/crtn.o
OUTPUT(L4S5I_7SegmentDisplay.elf elf32-littlearm)
LOAD linker stubs
LOAD /home/mham/.eclipse/com.st.stm32cube.ide.mcu.rcp.product_1.17.0_139066135_linux_gtk_x86_64/plugins/com.st.stm32cube.ide.mcu.externaltools.gnu-tools-for-stm32.13.3.rel1.linux64_1.0.0.202410170706/tools/bin/../lib/gcc/arm-none-eabi/13.3.1/../../../../arm-none-eabi/lib/thumb/v7e-m+fp/hard/libc.a
LOAD /home/mham/.eclipse/com.st.stm32cube.ide.mcu.rcp.product_1.17.0_139066135_linux_gtk_x86_64/plugins/com.st.stm32cube.ide.mcu.externaltools.gnu-tools-for-stm32.13.3.rel1.linux64_1.0.0.202410170706/tools/bin/../lib/gcc/arm-none-eabi/13.3.1/../../../../arm-none-eabi/lib/thumb/v7e-m+fp/hard/libm.a
LOAD /home/mham/.eclipse/com.st.stm32cube.ide.mcu.rcp.product_1.17.0_139066135_linux_gtk_x86_64/plugins/com.st.stm32cube.ide.mcu.externaltools.gnu-tools-for-stm32.13.3.rel1.linux64_1.0.0.202410170706/tools/bin/../lib/gcc/arm-none-eabi/13.3.1/thumb/v7e-m+fp/hard/libgcc.a

.comment        0x00000000       0x43
 .comment       0x00000000       0x43 ./Core/Src/main.o
                                 0x44 (size before relaxing)

.debug_frame    0x00000000       0x2c
 .debug_frame   0x00000000       0x2c /home/mham/.eclipse/com.st.stm32cube.ide.mcu.rcp.product_1.17.0_139066135_linux_gtk_x86_64/plugins/com.st.stm32cube.ide.mcu.externaltools.gnu-tools-for-stm32.13.3.rel1.linux64_1.0.0.202410170706/tools/bin/../lib/gcc/arm-none-eabi/13.3.1/../../../../arm-none-eabi/lib/thumb/v7e-m+fp/hard/libc_nano.a(libc_a-init.o)
